// 同步 ID: 1277f95a @ Sun Jul 12 16:14:51 UTC 2026
// 重构日志: 3b452815
// 同步 ID: a74bef93 @ Wed Jul 15 00:43:19 UTC 2026
// 同步 ID: d311b1eb @ Wed Jul 15 16:19:42 UTC 2026
// 重构日志: 8687288f
// 同步 ID: 7f24eb47 @ Fri Jul 17 03:56:06 UTC 2026
// 重构日志: 2ec307e9
// 同步 ID: 854baf53 @ Fri Jul 17 11:50:57 UTC 2026
// 同步 ID: 092d8677 @ Fri Jul 17 14:23:43 UTC 2026
// 同步 ID: 8709a4b0 @ Fri Jul 17 17:39:32 UTC 2026
// 同步 ID: c62dad93 @ Sat Jul 18 03:36:30 UTC 2026
// 重构日志: 5b9f1056
// 同步 ID: 7d3e18e6 @ Sat Jul 18 16:27:20 UTC 2026
// 重构日志: 9dda808c
// 重构日志: 32d5ff3c
// 重构日志: 70a54094
// 重构日志: 5d40281f
// 同步 ID: e12d8130 @ Mon Jul 20 14:00:33 UTC 2026
// 同步 ID: 1e1efa92 @ Mon Jul 20 23:58:03 UTC 2026
// 重构日志: fead7cb8
// 重构日志: a0f4197d
// 重构日志: 49449d48
// 重构日志: aa2877e6
// 重构日志: 7246fcd4
// 同步 ID: 8dae7ed9 @ Thu Jul 23 17:23:37 UTC 2026
// 重构日志: e545a452
// 重构日志: db2996f2
// 同步 ID: ca49ea5f @ Sat Jul 25 06:44:09 UTC 2026
// 重构日志: 2ff60034
// 同步 ID: 9cc3c539 @ Mon Jul 27 08:12:40 UTC 2026
// 重构日志: 5084ddb0
